---
source: adapters/cln/tests/golden_correlator.rs
expression: traces
---
- payment_hash: deece99a74ff6804b2e014e0d50f873ae7661b416c963396a6267b08262b99be
  attempts:
    - groupid: 4702820952695159826
      partid: 1
      hops:
        - index: 0
          node_id: 03254abc9958483f562ae812ccb4b2295aa0af045a3a15cce15c3166c9ee940324
          amount_msat: 50000501
          fee_msat: 0
          confidence: exact
        - index: 1
          node_id: 02e747d156b30dc76ffb2987decc124a4df6f87b2c775489015a0b9bd1532a7585
          amount_msat: 50000000
          fee_msat: 501
          confidence: exact
      outcome: succeeded
      duration_secs: 0.65793247
  success: true
- payment_hash: 742214dc5ce398432cce78d851ffedde804784dbd164a68529e459dc227c942d
  attempts:
    - groupid: 7382603821434985579
      partid: 1
      hops:
        - index: 0
          node_id: 02e747d156b30dc76ffb2987decc124a4df6f87b2c775489015a0b9bd1532a7585
          amount_msat: 900000000
          fee_msat: 0
          confidence: exact
      outcome: succeeded
      duration_secs: 0.361385801
  success: true
- payment_hash: 2e1490ff04676db9fdbfedad9f1fd12e6d83530540b100712764d9761eaf69d1
  attempts:
    - groupid: 6632833030942812446
      partid: 1
      hops:
        - index: 0
          node_id: 03254abc9958483f562ae812ccb4b2295aa0af045a3a15cce15c3166c9ee940324
          amount_msat: 50000501
          fee_msat: 0
          confidence: exact
        - index: 1
          node_id: 02e747d156b30dc76ffb2987decc124a4df6f87b2c775489015a0b9bd1532a7585
          amount_msat: 50000000
          fee_msat: 501
          confidence: exact
          failure:
            sender_failcode: 4103
            local_failreason: WIRE_TEMPORARY_CHANNEL_FAILURE
            inferred_cause: "insufficient outbound liquidity (spendable 35694000 msat, HTLC requested 50000000 msat)"
      outcome: failed
      failure:
        failcode: 4103
        erring_node: 03254abc9958483f562ae812ccb4b2295aa0af045a3a15cce15c3166c9ee940324
        explanation: "The channel cannot currently fulfill the HTLC. This code is overloaded: it covers insufficient liquidity, too many in-flight HTLCs, HTLC minimum not met, or a channel that is being closed."
      duration_secs: 0.430389706
    - groupid: 6632833030942812446
      partid: 2
      hops:
        - index: 0
          node_id: 021c444a94d762e244adca668882a1086b069a13081aeebd7a2208685df1a3440b
          amount_msat: 50055000
          fee_msat: 0
          confidence: exact
        - index: 1
          node_id: 02e747d156b30dc76ffb2987decc124a4df6f87b2c775489015a0b9bd1532a7585
          amount_msat: 50000000
          fee_msat: 55000
          confidence: exact
      outcome: succeeded
      duration_secs: 0.609048999
  success: true
